// Jest Snapshot v1, https://goo.gl/fbAQLP

exports[` 1`] = `"<form><div data-hook=\\"field-client_name\\"><div class=\\"form-group\\"><label data-hook=\\"label\\" for=\\"form_field_client_name\\">App Name</label><input class=\\"form-control\\" value=\\"hello\\" name=\\"client_name\\" type=\\"text\\" tabindex=\\"0\\" id=\\"form_field_client_name\\" placeholder=\\"My Awesome App\\"><small data-hook=\\"help-message\\" data-anddom-display=\\"\\" data-anddom-hidden=\\"true\\" style=\\"display: none;\\"></small><div data-hook=\\"validation-message\\" data-anddom-display=\\"\\" data-anddom-hidden=\\"true\\" style=\\"display: none;\\"></div></div></div></form>"`;
