// Jest Snapshot v1, https://goo.gl/fbAQLP

exports[`InputView behavior initialize with number value and type preserved after render 1`] = `"<div class=\\"form-group\\"><label data-hook=\\"label\\" for=\\"form_field_position\\" data-anddom-display=\\"\\" data-anddom-hidden=\\"true\\" style=\\"display: none;\\"></label><input class=\\"form-control\\" name=\\"position\\" type=\\"number\\" tabindex=\\"0\\" id=\\"form_field_position\\" placeholder=\\"\\"><small data-hook=\\"help-message\\" data-anddom-display=\\"\\" data-anddom-hidden=\\"true\\" style=\\"display: none;\\"></small><div data-hook=\\"validation-message\\" data-anddom-display=\\"\\" data-anddom-hidden=\\"true\\" style=\\"display: none;\\"></div></div>"`;
